19:02:17 **** Incremental Build of configuration Debug for project bb_v001 ****
make -j12 all 
arm-none-eabi-gcc "../Core/Src/main.c" -mcpu=cortex-m3 -std=gnu11 -g3 -DDEBUG -DUSE_HAL_DRIVER -DSTM32F103xB -c -I../Core/Inc -I../Drivers/STM32F1xx_HAL_Driver/Inc -I../Drivers/STM32F1xx_HAL_Driver/Inc/Legacy -I../Drivers/CMSIS/Device/ST/STM32F1xx/Include -I../Drivers/CMSIS/Include -O0 -ffunction-sections -fdata-sections -Wall -fstack-usage -fcyclomatic-complexity -MMD -MP -MF"Core/Src/main.d" -MT"Core/Src/main.o" --specs=nano.specs -mfloat-abi=soft -mthumb -o "Core/Src/main.o"
arm-none-eabi-gcc -o "bb_v001.elf" @"objects.list"   -mcpu=cortex-m3 -T"C:\Ball-and-beam\STM32 Projects\bb_v001\STM32F103C8TX_FLASH.ld" --specs=nosys.specs -Wl,-Map="bb_v001.map" -Wl,--gc-sections -static --specs=nano.specs -mfloat-abi=soft -mthumb -Wl,--start-group -lc -lm -Wl,--end-group
Finished building target: bb_v001.elf
 
arm-none-eabi-size  bb_v001.elf 
arm-none-eabi-objdump -h -S bb_v001.elf  > "bb_v001.list"
   text	   data	    bss	    dec	    hex	filename
  24312	    108	   3092	  27512	   6b78	bb_v001.elf
arm-none-eabi-objcopy  -O ihex bb_v001.elf  "bb_v001.hex"
Finished building: default.size.stdout
 
Finished building: bb_v001.list
Finished building: bb_v001.hex
 
 

19:02:18 Build Finished. 0 errors, 0 warnings. (took 943ms)

